[0.016s] Invoking command in '/home/yunzhou/node/ROS2/ros_ws/src/example_cpp/build/example_cpp': CMAKE_PREFIX_PATH=/opt/ros/foxy /usr/bin/cmake /home/yunzhou/node/ROS2/ros_ws/src/example_cpp -DCMAKE_INSTALL_PREFIX=/home/yunzhou/node/ROS2/ros_ws/src/example_cpp/install/example_cpp
[0.140s] -- The C compiler identification is GNU 9.4.0
[0.237s] -- The CXX compiler identification is GNU 9.4.0
[0.243s] -- Check for working C compiler: /usr/bin/cc
[0.310s] -- Check for working C compiler: /usr/bin/cc -- works
[0.311s] -- Detecting C compiler ABI info
[0.405s] -- Detecting C compiler ABI info - done
[0.415s] -- Detecting C compile features
[0.415s] -- Detecting C compile features - done
[0.419s] -- Check for working CXX compiler: /usr/bin/c++
[0.519s] -- Check for working CXX compiler: /usr/bin/c++ -- works
[0.522s] -- Detecting CXX compiler ABI info
[0.697s] -- Detecting CXX compiler ABI info - done
[0.716s] -- Detecting CXX compile features
[0.716s] -- Detecting CXX compile features - done
[0.723s] -- Found ament_cmake: 0.9.12 (/opt/ros/foxy/share/ament_cmake/cmake)
[0.752s] -- Found PythonInterp: /usr/bin/python3 (found suitable version "3.8.10", minimum required is "3") 
[0.752s] -- Using PYTHON_EXECUTABLE: /usr/bin/python3
[0.963s] -- Found rclcpp: 2.4.3 (/opt/ros/foxy/share/rclcpp/cmake)
[1.011s] -- Using all available rosidl_typesupport_c: rosidl_typesupport_fastrtps_c;rosidl_typesupport_introspection_c
[1.021s] -- Found rosidl_adapter: 1.3.1 (/opt/ros/foxy/share/rosidl_adapter/cmake)
[1.127s] -- Found OpenSSL: /usr/lib/x86_64-linux-gnu/libcrypto.so (found version "1.1.1f")  
[1.158s] -- Found FastRTPS: /opt/ros/foxy/include  
[1.249s] -- Using all available rosidl_typesupport_cpp: rosidl_typesupport_fastrtps_cpp;rosidl_typesupport_introspection_cpp
[1.302s] -- Found rmw_implementation_cmake: 1.0.4 (/opt/ros/foxy/share/rmw_implementation_cmake/cmake)
[1.303s] -- Using RMW implementation 'rmw_cyclonedds_cpp' as default
[1.305s] -- Looking for pthread.h
[1.399s] -- Looking for pthread.h - found
[1.399s] -- Performing Test CMAKE_HAVE_LIBC_PTHREAD
[1.494s] -- Performing Test CMAKE_HAVE_LIBC_PTHREAD - Failed
[1.494s] -- Looking for pthread_create in pthreads
[1.578s] -- Looking for pthread_create in pthreads - not found
[1.578s] -- Looking for pthread_create in pthread
[1.676s] -- Looking for pthread_create in pthread - found
[1.677s] -- Found Threads: TRUE  
[1.854s] -- Found ament_lint_auto: 0.9.8 (/opt/ros/foxy/share/ament_lint_auto/cmake)
[1.928s] -- Added test 'copyright' to check source files copyright and LICENSE
[1.932s] -- Added test 'cppcheck' to perform static code analysis on C / C++ code
[1.932s] -- Configured cppcheck include dirs: 
[1.932s] -- Configured cppcheck exclude dirs and/or files: 
[1.936s] -- Added test 'cpplint' to check C / C++ code against the Google style
[1.936s] -- Configured cpplint exclude dirs and/or files: 
[1.937s] -- Added test 'flake8' to check Python code syntax and style conventions
[1.939s] -- Added test 'lint_cmake' to check CMake code style
[1.939s] -- Added test 'pep257' to check Python code against some of the style conventions in PEP 257
[1.943s] -- Added test 'uncrustify' to check C / C++ code style
[1.943s] -- Configured uncrustify additional arguments: 
[1.944s] -- Added test 'xmllint' to check XML markup files
[1.947s] -- Configuring done
[1.952s] -- Generating done
[1.955s] -- Build files have been written to: /home/yunzhou/node/ROS2/ros_ws/src/example_cpp/build/example_cpp
[1.962s] Invoked command in '/home/yunzhou/node/ROS2/ros_ws/src/example_cpp/build/example_cpp' returned '0': CMAKE_PREFIX_PATH=/opt/ros/foxy /usr/bin/cmake /home/yunzhou/node/ROS2/ros_ws/src/example_cpp -DCMAKE_INSTALL_PREFIX=/home/yunzhou/node/ROS2/ros_ws/src/example_cpp/install/example_cpp
[1.963s] Invoking command in '/home/yunzhou/node/ROS2/ros_ws/src/example_cpp/build/example_cpp': CMAKE_PREFIX_PATH=/opt/ros/foxy /usr/bin/cmake --build /home/yunzhou/node/ROS2/ros_ws/src/example_cpp/build/example_cpp -- -j8 -l8
[2.015s] [35m[1mScanning dependencies of target node_01[0m
[2.085s] [ 50%] [32mBuilding CXX object CMakeFiles/node_01.dir/src/node_01.cpp.o[0m
[3.544s] [100%] [32m[1mLinking CXX executable node_01[0m
[3.688s] [100%] Built target node_01
[3.698s] Invoked command in '/home/yunzhou/node/ROS2/ros_ws/src/example_cpp/build/example_cpp' returned '0': CMAKE_PREFIX_PATH=/opt/ros/foxy /usr/bin/cmake --build /home/yunzhou/node/ROS2/ros_ws/src/example_cpp/build/example_cpp -- -j8 -l8
[3.709s] Invoking command in '/home/yunzhou/node/ROS2/ros_ws/src/example_cpp/build/example_cpp': CMAKE_PREFIX_PATH=/opt/ros/foxy /usr/bin/cmake --install /home/yunzhou/node/ROS2/ros_ws/src/example_cpp/build/example_cpp
[3.722s] -- Install configuration: ""
[3.722s] -- Installing: /home/yunzhou/node/ROS2/ros_ws/src/example_cpp/install/example_cpp/share/ament_index/resource_index/package_run_dependencies/example_cpp
[3.722s] -- Installing: /home/yunzhou/node/ROS2/ros_ws/src/example_cpp/install/example_cpp/share/ament_index/resource_index/parent_prefix_path/example_cpp
[3.723s] -- Installing: /home/yunzhou/node/ROS2/ros_ws/src/example_cpp/install/example_cpp/share/example_cpp/environment/ament_prefix_path.sh
[3.723s] -- Installing: /home/yunzhou/node/ROS2/ros_ws/src/example_cpp/install/example_cpp/share/example_cpp/environment/ament_prefix_path.dsv
[3.723s] -- Installing: /home/yunzhou/node/ROS2/ros_ws/src/example_cpp/install/example_cpp/share/example_cpp/environment/path.sh
[3.723s] -- Installing: /home/yunzhou/node/ROS2/ros_ws/src/example_cpp/install/example_cpp/share/example_cpp/environment/path.dsv
[3.723s] -- Installing: /home/yunzhou/node/ROS2/ros_ws/src/example_cpp/install/example_cpp/share/example_cpp/local_setup.bash
[3.723s] -- Installing: /home/yunzhou/node/ROS2/ros_ws/src/example_cpp/install/example_cpp/share/example_cpp/local_setup.sh
[3.724s] -- Installing: /home/yunzhou/node/ROS2/ros_ws/src/example_cpp/install/example_cpp/share/example_cpp/local_setup.zsh
[3.724s] -- Installing: /home/yunzhou/node/ROS2/ros_ws/src/example_cpp/install/example_cpp/share/example_cpp/local_setup.dsv
[3.724s] -- Installing: /home/yunzhou/node/ROS2/ros_ws/src/example_cpp/install/example_cpp/share/example_cpp/package.dsv
[3.724s] -- Installing: /home/yunzhou/node/ROS2/ros_ws/src/example_cpp/install/example_cpp/share/ament_index/resource_index/packages/example_cpp
[3.724s] -- Installing: /home/yunzhou/node/ROS2/ros_ws/src/example_cpp/install/example_cpp/share/example_cpp/cmake/example_cppConfig.cmake
[3.724s] -- Installing: /home/yunzhou/node/ROS2/ros_ws/src/example_cpp/install/example_cpp/share/example_cpp/cmake/example_cppConfig-version.cmake
[3.724s] -- Installing: /home/yunzhou/node/ROS2/ros_ws/src/example_cpp/install/example_cpp/share/example_cpp/package.xml
[3.724s] -- Installing: /home/yunzhou/node/ROS2/ros_ws/src/example_cpp/install/example_cpp/lib/example_cpp/node_01
[3.725s] -- Set runtime path of "/home/yunzhou/node/ROS2/ros_ws/src/example_cpp/install/example_cpp/lib/example_cpp/node_01" to ""
[3.727s] Invoked command in '/home/yunzhou/node/ROS2/ros_ws/src/example_cpp/build/example_cpp' returned '0': CMAKE_PREFIX_PATH=/opt/ros/foxy /usr/bin/cmake --install /home/yunzhou/node/ROS2/ros_ws/src/example_cpp/build/example_cpp
