[0.234s] DEBUG:colcon:Command line arguments: ['/usr/bin/colcon', 'build']
[0.234s] DEBUG:colcon:Parsed command line arguments: Namespace(allow_overriding=[], ament_cmake_args=None, base_paths=['.'], build_base='build', catkin_cmake_args=None, catkin_skip_building_tests=False, cmake_args=None, cmake_clean_cache=False, cmake_clean_first=False, cmake_force_configure=False, cmake_target=None, cmake_target_skip_unavailable=False, continue_on_error=False, event_handlers=None, executor='parallel', ignore_user_meta=False, install_base='install', log_base=None, log_level=None, main=<bound method BuildVerb.main of <colcon_core.verb.build.BuildVerb object at 0x7f412a90b1c0>>, merge_install=False, metas=['./colcon.meta'], packages_above=None, packages_above_and_dependencies=None, packages_above_depth=None, packages_end=None, packages_ignore=None, packages_ignore_regex=None, packages_select=None, packages_select_build_failed=False, packages_select_by_dep=None, packages_select_regex=None, packages_select_test_failures=False, packages_skip=None, packages_skip_build_finished=False, packages_skip_by_dep=None, packages_skip_regex=None, packages_skip_test_passed=False, packages_skip_up_to=None, packages_start=None, packages_up_to=None, packages_up_to_regex=None, parallel_workers=8, paths=None, symlink_install=False, test_result_base=None, verb_extension=<colcon_core.verb.build.BuildVerb object at 0x7f412a90b1c0>, verb_name='build', verb_parser=<colcon_defaults.argument_parser.defaults.DefaultArgumentsDecorator object at 0x7f412a90bb50>)
[0.346s] Level 1:colcon.colcon_core.package_discovery:discover_packages(colcon_meta) check parameters
[0.346s] Level 1:colcon.colcon_core.package_discovery:discover_packages(recursive) check parameters
[0.346s] Level 1:colcon.colcon_core.package_discovery:discover_packages(ignore) check parameters
[0.346s] Level 1:colcon.colcon_core.package_discovery:discover_packages(path) check parameters
[0.346s] Level 1:colcon.colcon_core.package_discovery:discover_packages(colcon_meta) discover
[0.346s] Level 1:colcon.colcon_core.package_discovery:discover_packages(recursive) discover
[0.346s] INFO:colcon.colcon_core.package_discovery:Crawling recursively for packages in '/home/yunzhou/node/ROS2/ros_ws'
[0.346s] Level 1:colcon.colcon_core.package_identification:_identify(.) by extensions ['ignore', 'ignore_ament_install']
[0.347s] Level 1:colcon.colcon_core.package_identification:_identify(.) by extension 'ignore'
[0.347s] Level 1:colcon.colcon_core.package_identification:_identify(.) by extension 'ignore_ament_install'
[0.347s] Level 1:colcon.colcon_core.package_identification:_identify(.) by extensions ['colcon_pkg']
[0.347s] Level 1:colcon.colcon_core.package_identification:_identify(.) by extension 'colcon_pkg'
[0.347s] Level 1:colcon.colcon_core.package_identification:_identify(.) by extensions ['colcon_meta']
[0.347s] Level 1:colcon.colcon_core.package_identification:_identify(.) by extension 'colcon_meta'
[0.347s] Level 1:colcon.colcon_core.package_identification:_identify(.) by extensions ['ros']
[0.347s] Level 1:colcon.colcon_core.package_identification:_identify(.) by extension 'ros'
[0.356s] Level 1:colcon.colcon_core.package_identification:_identify(.) by extensions ['cmake', 'python']
[0.356s] Level 1:colcon.colcon_core.package_identification:_identify(.) by extension 'cmake'
[0.356s] Level 1:colcon.colcon_core.package_identification:_identify(.) by extension 'python'
[0.356s] Level 1:colcon.colcon_core.package_identification:_identify(.) by extensions ['python_setup_py']
[0.356s] Level 1:colcon.colcon_core.package_identification:_identify(.) by extension 'python_setup_py'
[0.357s] Level 1:colcon.colcon_core.package_identification:_identify(build) by extensions ['ignore', 'ignore_ament_install']
[0.357s] Level 1:colcon.colcon_core.package_identification:_identify(build) by extension 'ignore'
[0.357s] Level 1:colcon.colcon_core.package_identification:_identify(build) ignored
[0.357s] Level 1:colcon.colcon_core.package_identification:_identify(install) by extensions ['ignore', 'ignore_ament_install']
[0.357s] Level 1:colcon.colcon_core.package_identification:_identify(install) by extension 'ignore'
[0.357s] Level 1:colcon.colcon_core.package_identification:_identify(install) ignored
[0.357s] Level 1:colcon.colcon_core.package_identification:_identify(log) by extensions ['ignore', 'ignore_ament_install']
[0.357s] Level 1:colcon.colcon_core.package_identification:_identify(log) by extension 'ignore'
[0.357s] Level 1:colcon.colcon_core.package_identification:_identify(log) ignored
[0.357s] Level 1:colcon.colcon_core.package_identification:_identify(src) by extensions ['ignore', 'ignore_ament_install']
[0.357s] Level 1:colcon.colcon_core.package_identification:_identify(src) by extension 'ignore'
[0.357s] Level 1:colcon.colcon_core.package_identification:_identify(src) by extension 'ignore_ament_install'
[0.357s] Level 1:colcon.colcon_core.package_identification:_identify(src) by extensions ['colcon_pkg']
[0.357s] Level 1:colcon.colcon_core.package_identification:_identify(src) by extension 'colcon_pkg'
[0.357s] Level 1:colcon.colcon_core.package_identification:_identify(src) by extensions ['colcon_meta']
[0.357s] Level 1:colcon.colcon_core.package_identification:_identify(src) by extension 'colcon_meta'
[0.357s] Level 1:colcon.colcon_core.package_identification:_identify(src) by extensions ['ros']
[0.357s] Level 1:colcon.colcon_core.package_identification:_identify(src) by extension 'ros'
[0.357s] Level 1:colcon.colcon_core.package_identification:_identify(src) by extensions ['cmake', 'python']
[0.357s] Level 1:colcon.colcon_core.package_identification:_identify(src) by extension 'cmake'
[0.357s] Level 1:colcon.colcon_core.package_identification:_identify(src) by extension 'python'
[0.357s] Level 1:colcon.colcon_core.package_identification:_identify(src) by extensions ['python_setup_py']
[0.357s] Level 1:colcon.colcon_core.package_identification:_identify(src) by extension 'python_setup_py'
[0.357s] Level 1:colcon.colcon_core.package_identification:_identify(src/example_cpp) by extensions ['ignore', 'ignore_ament_install']
[0.358s] Level 1:colcon.colcon_core.package_identification:_identify(src/example_cpp) by extension 'ignore'
[0.358s] Level 1:colcon.colcon_core.package_identification:_identify(src/example_cpp) by extension 'ignore_ament_install'
[0.358s] Level 1:colcon.colcon_core.package_identification:_identify(src/example_cpp) by extensions ['colcon_pkg']
[0.358s] Level 1:colcon.colcon_core.package_identification:_identify(src/example_cpp) by extension 'colcon_pkg'
[0.358s] Level 1:colcon.colcon_core.package_identification:_identify(src/example_cpp) by extensions ['colcon_meta']
[0.358s] Level 1:colcon.colcon_core.package_identification:_identify(src/example_cpp) by extension 'colcon_meta'
[0.358s] Level 1:colcon.colcon_core.package_identification:_identify(src/example_cpp) by extensions ['ros']
[0.358s] Level 1:colcon.colcon_core.package_identification:_identify(src/example_cpp) by extension 'ros'
[0.360s] DEBUG:colcon.colcon_core.package_identification:Package 'src/example_cpp' with type 'ros.ament_cmake' and name 'example_cpp'
[0.360s] Level 1:colcon.colcon_core.package_identification:_identify(src/example_py) by extensions ['ignore', 'ignore_ament_install']
[0.360s] Level 1:colcon.colcon_core.package_identification:_identify(src/example_py) by extension 'ignore'
[0.360s] Level 1:colcon.colcon_core.package_identification:_identify(src/example_py) by extension 'ignore_ament_install'
[0.360s] Level 1:colcon.colcon_core.package_identification:_identify(src/example_py) by extensions ['colcon_pkg']
[0.360s] Level 1:colcon.colcon_core.package_identification:_identify(src/example_py) by extension 'colcon_pkg'
[0.360s] Level 1:colcon.colcon_core.package_identification:_identify(src/example_py) by extensions ['colcon_meta']
[0.360s] Level 1:colcon.colcon_core.package_identification:_identify(src/example_py) by extension 'colcon_meta'
[0.361s] Level 1:colcon.colcon_core.package_identification:_identify(src/example_py) by extensions ['ros']
[0.361s] Level 1:colcon.colcon_core.package_identification:_identify(src/example_py) by extension 'ros'
[0.362s] DEBUG:colcon.colcon_core.package_identification:Package 'src/example_py' with type 'ros.ament_python' and name 'example_py'
[0.362s] Level 1:colcon.colcon_core.package_discovery:discover_packages(recursive) using defaults
[0.362s] Level 1:colcon.colcon_core.package_discovery:discover_packages(ignore) discover
[0.362s] Level 1:colcon.colcon_core.package_discovery:discover_packages(ignore) using defaults
[0.362s] Level 1:colcon.colcon_core.package_discovery:discover_packages(path) discover
[0.362s] Level 1:colcon.colcon_core.package_discovery:discover_packages(path) using defaults
[0.382s] Level 1:colcon.colcon_core.package_discovery:discover_packages(prefix_path) check parameters
[0.382s] Level 1:colcon.colcon_core.package_discovery:discover_packages(prefix_path) discover
[0.383s] DEBUG:colcon.colcon_installed_package_information.package_discovery:Found 2 installed packages in /home/yunzhou/node/ROS2/ros_ws/install
[0.384s] DEBUG:colcon.colcon_installed_package_information.package_discovery:Found 300 installed packages in /opt/ros/foxy
[0.385s] Level 1:colcon.colcon_core.package_discovery:discover_packages(prefix_path) using defaults
[0.429s] Level 5:colcon.colcon_core.verb:set package 'example_cpp' build argument 'cmake_args' from command line to 'None'
[0.429s] Level 5:colcon.colcon_core.verb:set package 'example_cpp' build argument 'cmake_target' from command line to 'None'
[0.429s] Level 5:colcon.colcon_core.verb:set package 'example_cpp' build argument 'cmake_target_skip_unavailable' from command line to 'False'
[0.429s] Level 5:colcon.colcon_core.verb:set package 'example_cpp' build argument 'cmake_clean_cache' from command line to 'False'
[0.429s] Level 5:colcon.colcon_core.verb:set package 'example_cpp' build argument 'cmake_clean_first' from command line to 'False'
[0.429s] Level 5:colcon.colcon_core.verb:set package 'example_cpp' build argument 'cmake_force_configure' from command line to 'False'
[0.429s] Level 5:colcon.colcon_core.verb:set package 'example_cpp' build argument 'ament_cmake_args' from command line to 'None'
[0.429s] Level 5:colcon.colcon_core.verb:set package 'example_cpp' build argument 'catkin_cmake_args' from command line to 'None'
[0.429s] Level 5:colcon.colcon_core.verb:set package 'example_cpp' build argument 'catkin_skip_building_tests' from command line to 'False'
[0.429s] DEBUG:colcon.colcon_core.verb:Building package 'example_cpp' with the following arguments: {'ament_cmake_args': None, 'build_base': '/home/yunzhou/node/ROS2/ros_ws/build/example_cpp', 'catkin_cmake_args': None, 'catkin_skip_building_tests': False, 'cmake_args': None, 'cmake_clean_cache': False, 'cmake_clean_first': False, 'cmake_force_configure': False, 'cmake_target': None, 'cmake_target_skip_unavailable': False, 'install_base': '/home/yunzhou/node/ROS2/ros_ws/install/example_cpp', 'merge_install': False, 'path': '/home/yunzhou/node/ROS2/ros_ws/src/example_cpp', 'symlink_install': False, 'test_result_base': None}
[0.430s] Level 5:colcon.colcon_core.verb:set package 'example_py' build argument 'cmake_args' from command line to 'None'
[0.430s] Level 5:colcon.colcon_core.verb:set package 'example_py' build argument 'cmake_target' from command line to 'None'
[0.430s] Level 5:colcon.colcon_core.verb:set package 'example_py' build argument 'cmake_target_skip_unavailable' from command line to 'False'
[0.430s] Level 5:colcon.colcon_core.verb:set package 'example_py' build argument 'cmake_clean_cache' from command line to 'False'
[0.430s] Level 5:colcon.colcon_core.verb:set package 'example_py' build argument 'cmake_clean_first' from command line to 'False'
[0.430s] Level 5:colcon.colcon_core.verb:set package 'example_py' build argument 'cmake_force_configure' from command line to 'False'
[0.430s] Level 5:colcon.colcon_core.verb:set package 'example_py' build argument 'ament_cmake_args' from command line to 'None'
[0.430s] Level 5:colcon.colcon_core.verb:set package 'example_py' build argument 'catkin_cmake_args' from command line to 'None'
[0.430s] Level 5:colcon.colcon_core.verb:set package 'example_py' build argument 'catkin_skip_building_tests' from command line to 'False'
[0.430s] DEBUG:colcon.colcon_core.verb:Building package 'example_py' with the following arguments: {'ament_cmake_args': None, 'build_base': '/home/yunzhou/node/ROS2/ros_ws/build/example_py', 'catkin_cmake_args': None, 'catkin_skip_building_tests': False, 'cmake_args': None, 'cmake_clean_cache': False, 'cmake_clean_first': False, 'cmake_force_configure': False, 'cmake_target': None, 'cmake_target_skip_unavailable': False, 'install_base': '/home/yunzhou/node/ROS2/ros_ws/install/example_py', 'merge_install': False, 'path': '/home/yunzhou/node/ROS2/ros_ws/src/example_py', 'symlink_install': False, 'test_result_base': None}
[0.430s] INFO:colcon.colcon_core.executor:Executing jobs using 'parallel' executor
[0.431s] DEBUG:colcon.colcon_parallel_executor.executor.parallel:run_until_complete
[0.431s] INFO:colcon.colcon_ros.task.ament_cmake.build:Building ROS package in '/home/yunzhou/node/ROS2/ros_ws/src/example_cpp' with build type 'ament_cmake'
[0.431s] INFO:colcon.colcon_cmake.task.cmake.build:Building CMake package in '/home/yunzhou/node/ROS2/ros_ws/src/example_cpp'
[0.433s] INFO:colcon.colcon_core.plugin_system:Skipping extension 'colcon_core.shell.bat': Not used on non-Windows systems
[0.433s] INFO:colcon.colcon_core.shell:Skip shell extension 'powershell' for command environment: Not usable outside of PowerShell
[0.433s] DEBUG:colcon.colcon_core.shell:Skip shell extension 'dsv' for command environment
[0.437s] INFO:colcon.colcon_ros.task.ament_python.build:Building ROS package in '/home/yunzhou/node/ROS2/ros_ws/src/example_py' with build type 'ament_python'
[0.437s] Level 1:colcon.colcon_core.shell:create_environment_hook('example_py', 'ament_prefix_path')
[0.437s] INFO:colcon.colcon_core.shell:Creating environment hook '/home/yunzhou/node/ROS2/ros_ws/install/example_py/share/example_py/hook/ament_prefix_path.ps1'
[0.438s] INFO:colcon.colcon_core.shell:Creating environment descriptor '/home/yunzhou/node/ROS2/ros_ws/install/example_py/share/example_py/hook/ament_prefix_path.dsv'
[0.439s] INFO:colcon.colcon_core.shell:Creating environment hook '/home/yunzhou/node/ROS2/ros_ws/install/example_py/share/example_py/hook/ament_prefix_path.sh'
[0.439s] INFO:colcon.colcon_core.shell:Skip shell extension 'powershell' for command environment: Not usable outside of PowerShell
[0.440s] DEBUG:colcon.colcon_core.shell:Skip shell extension 'dsv' for command environment
[0.449s] DEBUG:colcon.colcon_core.event_handler.log_command:Invoking command in '/home/yunzhou/node/ROS2/ros_ws/build/example_cpp': CMAKE_PREFIX_PATH=${CMAKE_PREFIX_PATH}:/home/yunzhou/node/ROS2/ros_ws/install/example_py:/opt/ros/foxy /usr/bin/cmake --build /home/yunzhou/node/ROS2/ros_ws/build/example_cpp -- -j8 -l8
[0.691s] INFO:colcon.colcon_core.task.python.build:Building Python package in '/home/yunzhou/node/ROS2/ros_ws/src/example_py'
[0.693s] INFO:colcon.colcon_core.shell:Skip shell extension 'powershell' for command environment: Not usable outside of PowerShell
[0.693s] DEBUG:colcon.colcon_core.shell:Skip shell extension 'dsv' for command environment
[0.703s] DEBUG:colcon.colcon_core.event_handler.log_command:Invoked command in '/home/yunzhou/node/ROS2/ros_ws/build/example_cpp' returned '0': CMAKE_PREFIX_PATH=${CMAKE_PREFIX_PATH}:/home/yunzhou/node/ROS2/ros_ws/install/example_py:/opt/ros/foxy /usr/bin/cmake --build /home/yunzhou/node/ROS2/ros_ws/build/example_cpp -- -j8 -l8
[0.716s] DEBUG:colcon.colcon_core.event_handler.log_command:Invoking command in '/home/yunzhou/node/ROS2/ros_ws/build/example_cpp': CMAKE_PREFIX_PATH=${CMAKE_PREFIX_PATH}:/home/yunzhou/node/ROS2/ros_ws/install/example_py:/opt/ros/foxy /usr/bin/cmake --install /home/yunzhou/node/ROS2/ros_ws/build/example_cpp
[0.725s] Level 1:colcon.colcon_core.environment:create_environment_scripts_only(example_cpp)
[0.726s] DEBUG:colcon.colcon_core.event_handler.log_command:Invoked command in '/home/yunzhou/node/ROS2/ros_ws/build/example_cpp' returned '0': CMAKE_PREFIX_PATH=${CMAKE_PREFIX_PATH}:/home/yunzhou/node/ROS2/ros_ws/install/example_py:/opt/ros/foxy /usr/bin/cmake --install /home/yunzhou/node/ROS2/ros_ws/build/example_cpp
[0.727s] Level 1:colcon.colcon_core.environment:checking '/home/yunzhou/node/ROS2/ros_ws/install/example_cpp' for CMake module files
[0.727s] Level 1:colcon.colcon_core.environment:checking '/home/yunzhou/node/ROS2/ros_ws/install/example_cpp' for CMake config files
[0.728s] Level 1:colcon.colcon_core.shell:create_environment_hook('example_cpp', 'cmake_prefix_path')
[0.728s] INFO:colcon.colcon_core.shell:Creating environment hook '/home/yunzhou/node/ROS2/ros_ws/install/example_cpp/share/example_cpp/hook/cmake_prefix_path.ps1'
[0.728s] INFO:colcon.colcon_core.shell:Creating environment descriptor '/home/yunzhou/node/ROS2/ros_ws/install/example_cpp/share/example_cpp/hook/cmake_prefix_path.dsv'
[0.728s] INFO:colcon.colcon_core.shell:Creating environment hook '/home/yunzhou/node/ROS2/ros_ws/install/example_cpp/share/example_cpp/hook/cmake_prefix_path.sh'
[0.729s] Level 1:colcon.colcon_core.environment:checking '/home/yunzhou/node/ROS2/ros_ws/install/example_cpp/lib'
[0.729s] Level 1:colcon.colcon_core.environment:checking '/home/yunzhou/node/ROS2/ros_ws/install/example_cpp/bin'
[0.729s] Level 1:colcon.colcon_core.environment:checking '/home/yunzhou/node/ROS2/ros_ws/install/example_cpp/lib/pkgconfig/example_cpp.pc'
[0.729s] Level 1:colcon.colcon_core.environment:checking '/home/yunzhou/node/ROS2/ros_ws/install/example_cpp/lib/python3.8/site-packages'
[0.729s] Level 1:colcon.colcon_core.environment:checking '/home/yunzhou/node/ROS2/ros_ws/install/example_cpp/bin'
[0.730s] INFO:colcon.colcon_core.shell:Creating package script '/home/yunzhou/node/ROS2/ros_ws/install/example_cpp/share/example_cpp/package.ps1'
[0.731s] INFO:colcon.colcon_core.shell:Creating package descriptor '/home/yunzhou/node/ROS2/ros_ws/install/example_cpp/share/example_cpp/package.dsv'
[0.731s] INFO:colcon.colcon_core.shell:Creating package script '/home/yunzhou/node/ROS2/ros_ws/install/example_cpp/share/example_cpp/package.sh'
[0.732s] INFO:colcon.colcon_core.shell:Creating package script '/home/yunzhou/node/ROS2/ros_ws/install/example_cpp/share/example_cpp/package.bash'
[0.732s] INFO:colcon.colcon_core.shell:Creating package script '/home/yunzhou/node/ROS2/ros_ws/install/example_cpp/share/example_cpp/package.zsh'
[0.733s] Level 1:colcon.colcon_core.environment:create_file_with_runtime_dependencies(/home/yunzhou/node/ROS2/ros_ws/install/example_cpp/share/colcon-core/packages/example_cpp)
[0.733s] Level 1:colcon.colcon_core.environment:create_environment_scripts_only(example_cpp)
[0.733s] Level 1:colcon.colcon_core.environment:checking '/home/yunzhou/node/ROS2/ros_ws/install/example_cpp' for CMake module files
[0.733s] Level 1:colcon.colcon_core.environment:checking '/home/yunzhou/node/ROS2/ros_ws/install/example_cpp' for CMake config files
[0.734s] Level 1:colcon.colcon_core.shell:create_environment_hook('example_cpp', 'cmake_prefix_path')
[0.734s] INFO:colcon.colcon_core.shell:Creating environment hook '/home/yunzhou/node/ROS2/ros_ws/install/example_cpp/share/example_cpp/hook/cmake_prefix_path.ps1'
[0.734s] INFO:colcon.colcon_core.shell:Creating environment descriptor '/home/yunzhou/node/ROS2/ros_ws/install/example_cpp/share/example_cpp/hook/cmake_prefix_path.dsv'
[0.734s] INFO:colcon.colcon_core.shell:Creating environment hook '/home/yunzhou/node/ROS2/ros_ws/install/example_cpp/share/example_cpp/hook/cmake_prefix_path.sh'
[0.735s] Level 1:colcon.colcon_core.environment:checking '/home/yunzhou/node/ROS2/ros_ws/install/example_cpp/lib'
[0.735s] Level 1:colcon.colcon_core.environment:checking '/home/yunzhou/node/ROS2/ros_ws/install/example_cpp/bin'
[0.735s] Level 1:colcon.colcon_core.environment:checking '/home/yunzhou/node/ROS2/ros_ws/install/example_cpp/lib/pkgconfig/example_cpp.pc'
[0.735s] Level 1:colcon.colcon_core.environment:checking '/home/yunzhou/node/ROS2/ros_ws/install/example_cpp/lib/python3.8/site-packages'
[0.735s] Level 1:colcon.colcon_core.environment:checking '/home/yunzhou/node/ROS2/ros_ws/install/example_cpp/bin'
[0.735s] INFO:colcon.colcon_core.shell:Creating package script '/home/yunzhou/node/ROS2/ros_ws/install/example_cpp/share/example_cpp/package.ps1'
[0.736s] INFO:colcon.colcon_core.shell:Creating package descriptor '/home/yunzhou/node/ROS2/ros_ws/install/example_cpp/share/example_cpp/package.dsv'
[0.736s] INFO:colcon.colcon_core.shell:Creating package script '/home/yunzhou/node/ROS2/ros_ws/install/example_cpp/share/example_cpp/package.sh'
[0.736s] INFO:colcon.colcon_core.shell:Creating package script '/home/yunzhou/node/ROS2/ros_ws/install/example_cpp/share/example_cpp/package.bash'
[0.736s] INFO:colcon.colcon_core.shell:Creating package script '/home/yunzhou/node/ROS2/ros_ws/install/example_cpp/share/example_cpp/package.zsh'
[0.737s] Level 1:colcon.colcon_core.environment:create_file_with_runtime_dependencies(/home/yunzhou/node/ROS2/ros_ws/install/example_cpp/share/colcon-core/packages/example_cpp)
[1.108s] DEBUG:colcon.colcon_core.event_handler.log_command:Invoking command in '/home/yunzhou/node/ROS2/ros_ws/src/example_py': PYTHONPATH=/home/yunzhou/node/ROS2/ros_ws/build/example_py/prefix_override:/usr/lib/python3/dist-packages/colcon_core/task/python/colcon_distutils_commands:/home/yunzhou/node/ROS2/ros_ws/install/example_py/lib/python3.8/site-packages:${PYTHONPATH} /usr/bin/python3 -W ignore:setup.py install is deprecated -W ignore:easy_install command is deprecated setup.py egg_info --egg-base ../../build/example_py build --build-base /home/yunzhou/node/ROS2/ros_ws/build/example_py/build install --record /home/yunzhou/node/ROS2/ros_ws/build/example_py/install.log --install-scripts $base/lib/example_py --single-version-externally-managed install_data
[1.351s] Level 1:colcon.colcon_core.environment:checking '/home/yunzhou/node/ROS2/ros_ws/install/example_py' for CMake module files
[1.352s] DEBUG:colcon.colcon_core.event_handler.log_command:Invoked command in '/home/yunzhou/node/ROS2/ros_ws/src/example_py' returned '0': PYTHONPATH=/home/yunzhou/node/ROS2/ros_ws/build/example_py/prefix_override:/usr/lib/python3/dist-packages/colcon_core/task/python/colcon_distutils_commands:/home/yunzhou/node/ROS2/ros_ws/install/example_py/lib/python3.8/site-packages:${PYTHONPATH} /usr/bin/python3 -W ignore:setup.py install is deprecated -W ignore:easy_install command is deprecated setup.py egg_info --egg-base ../../build/example_py build --build-base /home/yunzhou/node/ROS2/ros_ws/build/example_py/build install --record /home/yunzhou/node/ROS2/ros_ws/build/example_py/install.log --install-scripts $base/lib/example_py --single-version-externally-managed install_data
[1.352s] Level 1:colcon.colcon_core.environment:checking '/home/yunzhou/node/ROS2/ros_ws/install/example_py' for CMake config files
[1.354s] Level 1:colcon.colcon_core.environment:checking '/home/yunzhou/node/ROS2/ros_ws/install/example_py/lib'
[1.354s] Level 1:colcon.colcon_core.environment:checking '/home/yunzhou/node/ROS2/ros_ws/install/example_py/bin'
[1.354s] Level 1:colcon.colcon_core.environment:checking '/home/yunzhou/node/ROS2/ros_ws/install/example_py/lib/pkgconfig/example_py.pc'
[1.355s] Level 1:colcon.colcon_core.environment:checking '/home/yunzhou/node/ROS2/ros_ws/install/example_py/lib/python3.8/site-packages'
[1.355s] Level 1:colcon.colcon_core.shell:create_environment_hook('example_py', 'pythonpath')
[1.355s] INFO:colcon.colcon_core.shell:Creating environment hook '/home/yunzhou/node/ROS2/ros_ws/install/example_py/share/example_py/hook/pythonpath.ps1'
[1.356s] INFO:colcon.colcon_core.shell:Creating environment descriptor '/home/yunzhou/node/ROS2/ros_ws/install/example_py/share/example_py/hook/pythonpath.dsv'
[1.357s] INFO:colcon.colcon_core.shell:Creating environment hook '/home/yunzhou/node/ROS2/ros_ws/install/example_py/share/example_py/hook/pythonpath.sh'
[1.357s] Level 1:colcon.colcon_core.environment:checking '/home/yunzhou/node/ROS2/ros_ws/install/example_py/bin'
[1.357s] Level 1:colcon.colcon_core.environment:create_environment_scripts_only(example_py)
[1.358s] INFO:colcon.colcon_core.shell:Creating package script '/home/yunzhou/node/ROS2/ros_ws/install/example_py/share/example_py/package.ps1'
[1.359s] INFO:colcon.colcon_core.shell:Creating package descriptor '/home/yunzhou/node/ROS2/ros_ws/install/example_py/share/example_py/package.dsv'
[1.359s] INFO:colcon.colcon_core.shell:Creating package script '/home/yunzhou/node/ROS2/ros_ws/install/example_py/share/example_py/package.sh'
[1.360s] INFO:colcon.colcon_core.shell:Creating package script '/home/yunzhou/node/ROS2/ros_ws/install/example_py/share/example_py/package.bash'
[1.361s] INFO:colcon.colcon_core.shell:Creating package script '/home/yunzhou/node/ROS2/ros_ws/install/example_py/share/example_py/package.zsh'
[1.361s] Level 1:colcon.colcon_core.environment:create_file_with_runtime_dependencies(/home/yunzhou/node/ROS2/ros_ws/install/example_py/share/colcon-core/packages/example_py)
[1.362s] DEBUG:colcon.colcon_parallel_executor.executor.parallel:closing loop
[1.363s] DEBUG:colcon.colcon_parallel_executor.executor.parallel:loop closed
[1.363s] DEBUG:colcon.colcon_parallel_executor.executor.parallel:run_until_complete finished with '0'
[1.363s] DEBUG:colcon.colcon_core.event_reactor:joining thread
[1.371s] INFO:colcon.colcon_core.plugin_system:Skipping extension 'colcon_notification.desktop_notification.terminal_notifier': Not used on non-Darwin systems
[1.371s] INFO:colcon.colcon_core.plugin_system:Skipping extension 'colcon_notification.desktop_notification.win32': Not used on non-Windows systems
[1.371s] INFO:colcon.colcon_notification.desktop_notification:Sending desktop notification using 'notify2'
[1.384s] DEBUG:colcon.colcon_core.event_reactor:joined thread
[1.384s] INFO:colcon.colcon_core.shell:Creating prefix script '/home/yunzhou/node/ROS2/ros_ws/install/local_setup.ps1'
[1.385s] INFO:colcon.colcon_core.shell:Creating prefix util module '/home/yunzhou/node/ROS2/ros_ws/install/_local_setup_util_ps1.py'
[1.386s] INFO:colcon.colcon_core.shell:Creating prefix chain script '/home/yunzhou/node/ROS2/ros_ws/install/setup.ps1'
[1.386s] INFO:colcon.colcon_core.shell:Creating prefix script '/home/yunzhou/node/ROS2/ros_ws/install/local_setup.sh'
[1.387s] INFO:colcon.colcon_core.shell:Creating prefix util module '/home/yunzhou/node/ROS2/ros_ws/install/_local_setup_util_sh.py'
[1.387s] INFO:colcon.colcon_core.shell:Creating prefix chain script '/home/yunzhou/node/ROS2/ros_ws/install/setup.sh'
[1.388s] INFO:colcon.colcon_core.shell:Creating prefix script '/home/yunzhou/node/ROS2/ros_ws/install/local_setup.bash'
[1.388s] INFO:colcon.colcon_core.shell:Creating prefix chain script '/home/yunzhou/node/ROS2/ros_ws/install/setup.bash'
[1.389s] INFO:colcon.colcon_core.shell:Creating prefix script '/home/yunzhou/node/ROS2/ros_ws/install/local_setup.zsh'
[1.389s] INFO:colcon.colcon_core.shell:Creating prefix chain script '/home/yunzhou/node/ROS2/ros_ws/install/setup.zsh'
