[0.288s] DEBUG:colcon:Command line arguments: ['/usr/bin/colcon', 'build']
[0.288s] DEBUG:colcon:Parsed command line arguments: Namespace(allow_overriding=[], ament_cmake_args=None, base_paths=['.'], build_base='build', catkin_cmake_args=None, catkin_skip_building_tests=False, cmake_args=None, cmake_clean_cache=False, cmake_clean_first=False, cmake_force_configure=False, cmake_target=None, cmake_target_skip_unavailable=False, continue_on_error=False, event_handlers=None, executor='parallel', ignore_user_meta=False, install_base='install', log_base=None, log_level=None, main=<bound method BuildVerb.main of <colcon_core.verb.build.BuildVerb object at 0x7f5ce78c2bb0>>, merge_install=False, metas=['./colcon.meta'], packages_above=None, packages_above_and_dependencies=None, packages_above_depth=None, packages_end=None, packages_ignore=None, packages_ignore_regex=None, packages_select=None, packages_select_build_failed=False, packages_select_by_dep=None, packages_select_regex=None, packages_select_test_failures=False, packages_skip=None, packages_skip_build_finished=False, packages_skip_by_dep=None, packages_skip_regex=None, packages_skip_test_passed=False, packages_skip_up_to=None, packages_start=None, packages_up_to=None, packages_up_to_regex=None, parallel_workers=8, paths=None, symlink_install=False, test_result_base=None, verb_extension=<colcon_core.verb.build.BuildVerb object at 0x7f5ce78c2bb0>, verb_name='build', verb_parser=<colcon_defaults.argument_parser.defaults.DefaultArgumentsDecorator object at 0x7f5ce77ab8b0>)
[0.469s] Level 1:colcon.colcon_core.package_discovery:discover_packages(colcon_meta) check parameters
[0.469s] Level 1:colcon.colcon_core.package_discovery:discover_packages(recursive) check parameters
[0.469s] Level 1:colcon.colcon_core.package_discovery:discover_packages(ignore) check parameters
[0.469s] Level 1:colcon.colcon_core.package_discovery:discover_packages(path) check parameters
[0.469s] Level 1:colcon.colcon_core.package_discovery:discover_packages(colcon_meta) discover
[0.469s] Level 1:colcon.colcon_core.package_discovery:discover_packages(recursive) discover
[0.469s] INFO:colcon.colcon_core.package_discovery:Crawling recursively for packages in '/home/yunzhou/node/ROS2/ros_ws/src/example_cpp'
[0.470s] Level 1:colcon.colcon_core.package_identification:_identify(.) by extensions ['ignore', 'ignore_ament_install']
[0.470s] Level 1:colcon.colcon_core.package_identification:_identify(.) by extension 'ignore'
[0.470s] Level 1:colcon.colcon_core.package_identification:_identify(.) by extension 'ignore_ament_install'
[0.470s] Level 1:colcon.colcon_core.package_identification:_identify(.) by extensions ['colcon_pkg']
[0.470s] Level 1:colcon.colcon_core.package_identification:_identify(.) by extension 'colcon_pkg'
[0.470s] Level 1:colcon.colcon_core.package_identification:_identify(.) by extensions ['colcon_meta']
[0.470s] Level 1:colcon.colcon_core.package_identification:_identify(.) by extension 'colcon_meta'
[0.470s] Level 1:colcon.colcon_core.package_identification:_identify(.) by extensions ['ros']
[0.470s] Level 1:colcon.colcon_core.package_identification:_identify(.) by extension 'ros'
[0.480s] DEBUG:colcon.colcon_core.package_identification:Package '.' with type 'ros.ament_cmake' and name 'example_cpp'
[0.480s] Level 1:colcon.colcon_core.package_discovery:discover_packages(recursive) using defaults
[0.480s] Level 1:colcon.colcon_core.package_discovery:discover_packages(ignore) discover
[0.480s] Level 1:colcon.colcon_core.package_discovery:discover_packages(ignore) using defaults
[0.480s] Level 1:colcon.colcon_core.package_discovery:discover_packages(path) discover
[0.480s] Level 1:colcon.colcon_core.package_discovery:discover_packages(path) using defaults
[0.497s] Level 1:colcon.colcon_core.package_discovery:discover_packages(prefix_path) check parameters
[0.497s] Level 1:colcon.colcon_core.package_discovery:discover_packages(prefix_path) discover
[0.500s] DEBUG:colcon.colcon_installed_package_information.package_discovery:Found 300 installed packages in /opt/ros/foxy
[0.509s] Level 1:colcon.colcon_core.package_discovery:discover_packages(prefix_path) using defaults
[0.565s] Level 5:colcon.colcon_core.verb:set package 'example_cpp' build argument 'cmake_args' from command line to 'None'
[0.565s] Level 5:colcon.colcon_core.verb:set package 'example_cpp' build argument 'cmake_target' from command line to 'None'
[0.565s] Level 5:colcon.colcon_core.verb:set package 'example_cpp' build argument 'cmake_target_skip_unavailable' from command line to 'False'
[0.565s] Level 5:colcon.colcon_core.verb:set package 'example_cpp' build argument 'cmake_clean_cache' from command line to 'False'
[0.565s] Level 5:colcon.colcon_core.verb:set package 'example_cpp' build argument 'cmake_clean_first' from command line to 'False'
[0.565s] Level 5:colcon.colcon_core.verb:set package 'example_cpp' build argument 'cmake_force_configure' from command line to 'False'
[0.565s] Level 5:colcon.colcon_core.verb:set package 'example_cpp' build argument 'ament_cmake_args' from command line to 'None'
[0.565s] Level 5:colcon.colcon_core.verb:set package 'example_cpp' build argument 'catkin_cmake_args' from command line to 'None'
[0.565s] Level 5:colcon.colcon_core.verb:set package 'example_cpp' build argument 'catkin_skip_building_tests' from command line to 'False'
[0.565s] DEBUG:colcon.colcon_core.verb:Building package 'example_cpp' with the following arguments: {'ament_cmake_args': None, 'build_base': '/home/yunzhou/node/ROS2/ros_ws/src/example_cpp/build/example_cpp', 'catkin_cmake_args': None, 'catkin_skip_building_tests': False, 'cmake_args': None, 'cmake_clean_cache': False, 'cmake_clean_first': False, 'cmake_force_configure': False, 'cmake_target': None, 'cmake_target_skip_unavailable': False, 'install_base': '/home/yunzhou/node/ROS2/ros_ws/src/example_cpp/install/example_cpp', 'merge_install': False, 'path': '/home/yunzhou/node/ROS2/ros_ws/src/example_cpp', 'symlink_install': False, 'test_result_base': None}
[0.566s] INFO:colcon.colcon_core.executor:Executing jobs using 'parallel' executor
[0.567s] DEBUG:colcon.colcon_parallel_executor.executor.parallel:run_until_complete
[0.568s] INFO:colcon.colcon_ros.task.ament_cmake.build:Building ROS package in '/home/yunzhou/node/ROS2/ros_ws/src/example_cpp' with build type 'ament_cmake'
[0.568s] INFO:colcon.colcon_cmake.task.cmake.build:Building CMake package in '/home/yunzhou/node/ROS2/ros_ws/src/example_cpp'
[0.572s] INFO:colcon.colcon_core.plugin_system:Skipping extension 'colcon_core.shell.bat': Not used on non-Windows systems
[0.573s] INFO:colcon.colcon_core.shell:Skip shell extension 'powershell' for command environment: Not usable outside of PowerShell
[0.573s] DEBUG:colcon.colcon_core.shell:Skip shell extension 'dsv' for command environment
[0.586s] DEBUG:colcon.colcon_core.event_handler.log_command:Invoking command in '/home/yunzhou/node/ROS2/ros_ws/src/example_cpp/build/example_cpp': CMAKE_PREFIX_PATH=/opt/ros/foxy /usr/bin/cmake /home/yunzhou/node/ROS2/ros_ws/src/example_cpp -DCMAKE_INSTALL_PREFIX=/home/yunzhou/node/ROS2/ros_ws/src/example_cpp/install/example_cpp
[2.530s] DEBUG:colcon.colcon_core.event_handler.log_command:Invoked command in '/home/yunzhou/node/ROS2/ros_ws/src/example_cpp/build/example_cpp' returned '0': CMAKE_PREFIX_PATH=/opt/ros/foxy /usr/bin/cmake /home/yunzhou/node/ROS2/ros_ws/src/example_cpp -DCMAKE_INSTALL_PREFIX=/home/yunzhou/node/ROS2/ros_ws/src/example_cpp/install/example_cpp
[2.533s] DEBUG:colcon.colcon_core.event_handler.log_command:Invoking command in '/home/yunzhou/node/ROS2/ros_ws/src/example_cpp/build/example_cpp': CMAKE_PREFIX_PATH=/opt/ros/foxy /usr/bin/cmake --build /home/yunzhou/node/ROS2/ros_ws/src/example_cpp/build/example_cpp -- -j8 -l8
[4.266s] DEBUG:colcon.colcon_core.event_handler.log_command:Invoked command in '/home/yunzhou/node/ROS2/ros_ws/src/example_cpp/build/example_cpp' returned '0': CMAKE_PREFIX_PATH=/opt/ros/foxy /usr/bin/cmake --build /home/yunzhou/node/ROS2/ros_ws/src/example_cpp/build/example_cpp -- -j8 -l8
[4.277s] DEBUG:colcon.colcon_core.event_handler.log_command:Invoking command in '/home/yunzhou/node/ROS2/ros_ws/src/example_cpp/build/example_cpp': CMAKE_PREFIX_PATH=/opt/ros/foxy /usr/bin/cmake --install /home/yunzhou/node/ROS2/ros_ws/src/example_cpp/build/example_cpp
[4.295s] Level 1:colcon.colcon_core.environment:create_environment_scripts_only(example_cpp)
[4.295s] DEBUG:colcon.colcon_core.event_handler.log_command:Invoked command in '/home/yunzhou/node/ROS2/ros_ws/src/example_cpp/build/example_cpp' returned '0': CMAKE_PREFIX_PATH=/opt/ros/foxy /usr/bin/cmake --install /home/yunzhou/node/ROS2/ros_ws/src/example_cpp/build/example_cpp
[4.297s] Level 1:colcon.colcon_core.environment:checking '/home/yunzhou/node/ROS2/ros_ws/src/example_cpp/install/example_cpp' for CMake module files
[4.298s] Level 1:colcon.colcon_core.environment:checking '/home/yunzhou/node/ROS2/ros_ws/src/example_cpp/install/example_cpp' for CMake config files
[4.298s] Level 1:colcon.colcon_core.shell:create_environment_hook('example_cpp', 'cmake_prefix_path')
[4.298s] INFO:colcon.colcon_core.shell:Creating environment hook '/home/yunzhou/node/ROS2/ros_ws/src/example_cpp/install/example_cpp/share/example_cpp/hook/cmake_prefix_path.ps1'
[4.298s] INFO:colcon.colcon_core.shell:Creating environment descriptor '/home/yunzhou/node/ROS2/ros_ws/src/example_cpp/install/example_cpp/share/example_cpp/hook/cmake_prefix_path.dsv'
[4.299s] INFO:colcon.colcon_core.shell:Creating environment hook '/home/yunzhou/node/ROS2/ros_ws/src/example_cpp/install/example_cpp/share/example_cpp/hook/cmake_prefix_path.sh'
[4.300s] Level 1:colcon.colcon_core.environment:checking '/home/yunzhou/node/ROS2/ros_ws/src/example_cpp/install/example_cpp/lib'
[4.300s] Level 1:colcon.colcon_core.environment:checking '/home/yunzhou/node/ROS2/ros_ws/src/example_cpp/install/example_cpp/bin'
[4.300s] Level 1:colcon.colcon_core.environment:checking '/home/yunzhou/node/ROS2/ros_ws/src/example_cpp/install/example_cpp/lib/pkgconfig/example_cpp.pc'
[4.300s] Level 1:colcon.colcon_core.environment:checking '/home/yunzhou/node/ROS2/ros_ws/src/example_cpp/install/example_cpp/lib/python3.8/site-packages'
[4.300s] Level 1:colcon.colcon_core.environment:checking '/home/yunzhou/node/ROS2/ros_ws/src/example_cpp/install/example_cpp/bin'
[4.301s] INFO:colcon.colcon_core.shell:Creating package script '/home/yunzhou/node/ROS2/ros_ws/src/example_cpp/install/example_cpp/share/example_cpp/package.ps1'
[4.302s] INFO:colcon.colcon_core.shell:Creating package descriptor '/home/yunzhou/node/ROS2/ros_ws/src/example_cpp/install/example_cpp/share/example_cpp/package.dsv'
[4.304s] INFO:colcon.colcon_core.shell:Creating package script '/home/yunzhou/node/ROS2/ros_ws/src/example_cpp/install/example_cpp/share/example_cpp/package.sh'
[4.305s] INFO:colcon.colcon_core.shell:Creating package script '/home/yunzhou/node/ROS2/ros_ws/src/example_cpp/install/example_cpp/share/example_cpp/package.bash'
[4.306s] INFO:colcon.colcon_core.shell:Creating package script '/home/yunzhou/node/ROS2/ros_ws/src/example_cpp/install/example_cpp/share/example_cpp/package.zsh'
[4.307s] Level 1:colcon.colcon_core.environment:create_file_with_runtime_dependencies(/home/yunzhou/node/ROS2/ros_ws/src/example_cpp/install/example_cpp/share/colcon-core/packages/example_cpp)
[4.308s] Level 1:colcon.colcon_core.environment:create_environment_scripts_only(example_cpp)
[4.308s] Level 1:colcon.colcon_core.environment:checking '/home/yunzhou/node/ROS2/ros_ws/src/example_cpp/install/example_cpp' for CMake module files
[4.308s] Level 1:colcon.colcon_core.environment:checking '/home/yunzhou/node/ROS2/ros_ws/src/example_cpp/install/example_cpp' for CMake config files
[4.308s] Level 1:colcon.colcon_core.shell:create_environment_hook('example_cpp', 'cmake_prefix_path')
[4.308s] INFO:colcon.colcon_core.shell:Creating environment hook '/home/yunzhou/node/ROS2/ros_ws/src/example_cpp/install/example_cpp/share/example_cpp/hook/cmake_prefix_path.ps1'
[4.309s] INFO:colcon.colcon_core.shell:Creating environment descriptor '/home/yunzhou/node/ROS2/ros_ws/src/example_cpp/install/example_cpp/share/example_cpp/hook/cmake_prefix_path.dsv'
[4.309s] INFO:colcon.colcon_core.shell:Creating environment hook '/home/yunzhou/node/ROS2/ros_ws/src/example_cpp/install/example_cpp/share/example_cpp/hook/cmake_prefix_path.sh'
[4.309s] Level 1:colcon.colcon_core.environment:checking '/home/yunzhou/node/ROS2/ros_ws/src/example_cpp/install/example_cpp/lib'
[4.309s] Level 1:colcon.colcon_core.environment:checking '/home/yunzhou/node/ROS2/ros_ws/src/example_cpp/install/example_cpp/bin'
[4.310s] Level 1:colcon.colcon_core.environment:checking '/home/yunzhou/node/ROS2/ros_ws/src/example_cpp/install/example_cpp/lib/pkgconfig/example_cpp.pc'
[4.310s] Level 1:colcon.colcon_core.environment:checking '/home/yunzhou/node/ROS2/ros_ws/src/example_cpp/install/example_cpp/lib/python3.8/site-packages'
[4.310s] Level 1:colcon.colcon_core.environment:checking '/home/yunzhou/node/ROS2/ros_ws/src/example_cpp/install/example_cpp/bin'
[4.310s] INFO:colcon.colcon_core.shell:Creating package script '/home/yunzhou/node/ROS2/ros_ws/src/example_cpp/install/example_cpp/share/example_cpp/package.ps1'
[4.310s] INFO:colcon.colcon_core.shell:Creating package descriptor '/home/yunzhou/node/ROS2/ros_ws/src/example_cpp/install/example_cpp/share/example_cpp/package.dsv'
[4.311s] INFO:colcon.colcon_core.shell:Creating package script '/home/yunzhou/node/ROS2/ros_ws/src/example_cpp/install/example_cpp/share/example_cpp/package.sh'
[4.311s] INFO:colcon.colcon_core.shell:Creating package script '/home/yunzhou/node/ROS2/ros_ws/src/example_cpp/install/example_cpp/share/example_cpp/package.bash'
[4.311s] INFO:colcon.colcon_core.shell:Creating package script '/home/yunzhou/node/ROS2/ros_ws/src/example_cpp/install/example_cpp/share/example_cpp/package.zsh'
[4.311s] Level 1:colcon.colcon_core.environment:create_file_with_runtime_dependencies(/home/yunzhou/node/ROS2/ros_ws/src/example_cpp/install/example_cpp/share/colcon-core/packages/example_cpp)
[4.312s] DEBUG:colcon.colcon_parallel_executor.executor.parallel:closing loop
[4.312s] DEBUG:colcon.colcon_parallel_executor.executor.parallel:loop closed
[4.312s] DEBUG:colcon.colcon_parallel_executor.executor.parallel:run_until_complete finished with '0'
[4.312s] DEBUG:colcon.colcon_core.event_reactor:joining thread
[4.316s] INFO:colcon.colcon_core.plugin_system:Skipping extension 'colcon_notification.desktop_notification.terminal_notifier': Not used on non-Darwin systems
[4.316s] INFO:colcon.colcon_core.plugin_system:Skipping extension 'colcon_notification.desktop_notification.win32': Not used on non-Windows systems
[4.316s] INFO:colcon.colcon_notification.desktop_notification:Sending desktop notification using 'notify2'
[4.329s] DEBUG:colcon.colcon_core.event_reactor:joined thread
[4.330s] INFO:colcon.colcon_core.shell:Creating prefix script '/home/yunzhou/node/ROS2/ros_ws/src/example_cpp/install/local_setup.ps1'
[4.330s] INFO:colcon.colcon_core.shell:Creating prefix util module '/home/yunzhou/node/ROS2/ros_ws/src/example_cpp/install/_local_setup_util_ps1.py'
[4.331s] INFO:colcon.colcon_core.shell:Creating prefix chain script '/home/yunzhou/node/ROS2/ros_ws/src/example_cpp/install/setup.ps1'
[4.332s] INFO:colcon.colcon_core.shell:Creating prefix script '/home/yunzhou/node/ROS2/ros_ws/src/example_cpp/install/local_setup.sh'
[4.333s] INFO:colcon.colcon_core.shell:Creating prefix util module '/home/yunzhou/node/ROS2/ros_ws/src/example_cpp/install/_local_setup_util_sh.py'
[4.333s] INFO:colcon.colcon_core.shell:Creating prefix chain script '/home/yunzhou/node/ROS2/ros_ws/src/example_cpp/install/setup.sh'
[4.334s] INFO:colcon.colcon_core.shell:Creating prefix script '/home/yunzhou/node/ROS2/ros_ws/src/example_cpp/install/local_setup.bash'
[4.334s] INFO:colcon.colcon_core.shell:Creating prefix chain script '/home/yunzhou/node/ROS2/ros_ws/src/example_cpp/install/setup.bash'
[4.335s] INFO:colcon.colcon_core.shell:Creating prefix script '/home/yunzhou/node/ROS2/ros_ws/src/example_cpp/install/local_setup.zsh'
[4.335s] INFO:colcon.colcon_core.shell:Creating prefix chain script '/home/yunzhou/node/ROS2/ros_ws/src/example_cpp/install/setup.zsh'
