running egg_info
writing ../../build/example_py/example_py.egg-info/PKG-INFO
writing dependency_links to ../../build/example_py/example_py.egg-info/dependency_links.txt
writing entry points to ../../build/example_py/example_py.egg-info/entry_points.txt
writing requirements to ../../build/example_py/example_py.egg-info/requires.txt
writing top-level names to ../../build/example_py/example_py.egg-info/top_level.txt
reading manifest file '../../build/example_py/example_py.egg-info/SOURCES.txt'
writing manifest file '../../build/example_py/example_py.egg-info/SOURCES.txt'
running build
running build_py
copying example_py/node_02.py -> /home/yunzhou/node/ROS2/ros_ws/build/example_py/build/lib/example_py
copying example_py/node_04.py -> /home/yunzhou/node/ROS2/ros_ws/build/example_py/build/lib/example_py
running install
running install_lib
copying /home/yunzhou/node/ROS2/ros_ws/build/example_py/build/lib/example_py/node_02.py -> /home/yunzhou/node/ROS2/ros_ws/install/example_py/lib/python3.8/site-packages/example_py
copying /home/yunzhou/node/ROS2/ros_ws/build/example_py/build/lib/example_py/node_04.py -> /home/yunzhou/node/ROS2/ros_ws/install/example_py/lib/python3.8/site-packages/example_py
byte-compiling /home/yunzhou/node/ROS2/ros_ws/install/example_py/lib/python3.8/site-packages/example_py/node_02.py to node_02.cpython-38.pyc
byte-compiling /home/yunzhou/node/ROS2/ros_ws/install/example_py/lib/python3.8/site-packages/example_py/node_04.py to node_04.cpython-38.pyc
running install_data
running install_egg_info
removing '/home/yunzhou/node/ROS2/ros_ws/install/example_py/lib/python3.8/site-packages/example_py-0.0.0-py3.8.egg-info' (and everything under it)
Copying ../../build/example_py/example_py.egg-info to /home/yunzhou/node/ROS2/ros_ws/install/example_py/lib/python3.8/site-packages/example_py-0.0.0-py3.8.egg-info
running install_scripts
Installing node_02 script to /home/yunzhou/node/ROS2/ros_ws/install/example_py/lib/example_py
Installing node_04 script to /home/yunzhou/node/ROS2/ros_ws/install/example_py/lib/example_py
writing list of installed files to '/home/yunzhou/node/ROS2/ros_ws/build/example_py/install.log'
