[0.021s] Invoking command in '/home/yunzhou/node/ROS2/ros_ws/build/example_cpp': CMAKE_PREFIX_PATH=${CMAKE_PREFIX_PATH}:/home/yunzhou/node/ROS2/ros_ws/install/example_py:/opt/ros/foxy /usr/bin/cmake --build /home/yunzhou/node/ROS2/ros_ws/build/example_cpp -- -j8 -l8
[0.129s] [ 50%] Built target node_01
[0.129s] [100%] Built target node_03
[0.265s] Invoked command in '/home/yunzhou/node/ROS2/ros_ws/build/example_cpp' returned '0': CMAKE_PREFIX_PATH=${CMAKE_PREFIX_PATH}:/home/yunzhou/node/ROS2/ros_ws/install/example_py:/opt/ros/foxy /usr/bin/cmake --build /home/yunzhou/node/ROS2/ros_ws/build/example_cpp -- -j8 -l8
[0.276s] Invoking command in '/home/yunzhou/node/ROS2/ros_ws/build/example_cpp': CMAKE_PREFIX_PATH=${CMAKE_PREFIX_PATH}:/home/yunzhou/node/ROS2/ros_ws/install/example_py:/opt/ros/foxy /usr/bin/cmake --install /home/yunzhou/node/ROS2/ros_ws/build/example_cpp
[0.284s] -- Install configuration: ""
[0.284s] -- Up-to-date: /home/yunzhou/node/ROS2/ros_ws/install/example_cpp/share/ament_index/resource_index/package_run_dependencies/example_cpp
[0.284s] -- Up-to-date: /home/yunzhou/node/ROS2/ros_ws/install/example_cpp/share/ament_index/resource_index/parent_prefix_path/example_cpp
[0.284s] -- Up-to-date: /home/yunzhou/node/ROS2/ros_ws/install/example_cpp/share/example_cpp/environment/ament_prefix_path.sh
[0.284s] -- Up-to-date: /home/yunzhou/node/ROS2/ros_ws/install/example_cpp/share/example_cpp/environment/ament_prefix_path.dsv
[0.284s] -- Up-to-date: /home/yunzhou/node/ROS2/ros_ws/install/example_cpp/share/example_cpp/environment/path.sh
[0.284s] -- Up-to-date: /home/yunzhou/node/ROS2/ros_ws/install/example_cpp/share/example_cpp/environment/path.dsv
[0.284s] -- Up-to-date: /home/yunzhou/node/ROS2/ros_ws/install/example_cpp/share/example_cpp/local_setup.bash
[0.284s] -- Up-to-date: /home/yunzhou/node/ROS2/ros_ws/install/example_cpp/share/example_cpp/local_setup.sh
[0.284s] -- Up-to-date: /home/yunzhou/node/ROS2/ros_ws/install/example_cpp/share/example_cpp/local_setup.zsh
[0.284s] -- Up-to-date: /home/yunzhou/node/ROS2/ros_ws/install/example_cpp/share/example_cpp/local_setup.dsv
[0.284s] -- Installing: /home/yunzhou/node/ROS2/ros_ws/install/example_cpp/share/example_cpp/package.dsv
[0.284s] -- Up-to-date: /home/yunzhou/node/ROS2/ros_ws/install/example_cpp/share/ament_index/resource_index/packages/example_cpp
[0.284s] -- Up-to-date: /home/yunzhou/node/ROS2/ros_ws/install/example_cpp/share/example_cpp/cmake/example_cppConfig.cmake
[0.284s] -- Up-to-date: /home/yunzhou/node/ROS2/ros_ws/install/example_cpp/share/example_cpp/cmake/example_cppConfig-version.cmake
[0.284s] -- Up-to-date: /home/yunzhou/node/ROS2/ros_ws/install/example_cpp/share/example_cpp/package.xml
[0.285s] -- Up-to-date: /home/yunzhou/node/ROS2/ros_ws/install/example_cpp/lib/example_cpp/node_01
[0.285s] -- Up-to-date: /home/yunzhou/node/ROS2/ros_ws/install/example_cpp/lib/example_cpp/node_03
[0.286s] Invoked command in '/home/yunzhou/node/ROS2/ros_ws/build/example_cpp' returned '0': CMAKE_PREFIX_PATH=${CMAKE_PREFIX_PATH}:/home/yunzhou/node/ROS2/ros_ws/install/example_py:/opt/ros/foxy /usr/bin/cmake --install /home/yunzhou/node/ROS2/ros_ws/build/example_cpp
