[0.034s] Invoking command in '/home/yunzhou/node/ROS2/ros_ws/build/example_cpp': CMAKE_PREFIX_PATH=/opt/ros/foxy /usr/bin/cmake /home/yunzhou/node/ROS2/ros_ws/src/example_cpp -DCMAKE_INSTALL_PREFIX=/home/yunzhou/node/ROS2/ros_ws/install/example_cpp
[0.143s] -- The C compiler identification is GNU 9.4.0
[0.206s] -- The CXX compiler identification is GNU 9.4.0
[0.211s] -- Check for working C compiler: /usr/bin/cc
[0.289s] -- Check for working C compiler: /usr/bin/cc -- works
[0.290s] -- Detecting C compiler ABI info
[0.372s] -- Detecting C compiler ABI info - done
[0.381s] -- Detecting C compile features
[0.382s] -- Detecting C compile features - done
[0.384s] -- Check for working CXX compiler: /usr/bin/c++
[0.484s] -- Check for working CXX compiler: /usr/bin/c++ -- works
[0.485s] -- Detecting CXX compiler ABI info
[0.641s] -- Detecting CXX compiler ABI info - done
[0.659s] -- Detecting CXX compile features
[0.659s] -- Detecting CXX compile features - done
[0.662s] -- Found ament_cmake: 0.9.12 (/opt/ros/foxy/share/ament_cmake/cmake)
[0.691s] -- Found PythonInterp: /usr/bin/python3 (found suitable version "3.8.10", minimum required is "3") 
[0.691s] -- Using PYTHON_EXECUTABLE: /usr/bin/python3
[0.943s] -- Found rclcpp: 2.4.3 (/opt/ros/foxy/share/rclcpp/cmake)
[0.986s] -- Using all available rosidl_typesupport_c: rosidl_typesupport_fastrtps_c;rosidl_typesupport_introspection_c
[0.994s] -- Found rosidl_adapter: 1.3.1 (/opt/ros/foxy/share/rosidl_adapter/cmake)
[1.115s] -- Found OpenSSL: /usr/lib/x86_64-linux-gnu/libcrypto.so (found version "1.1.1f")  
[1.146s] -- Found FastRTPS: /opt/ros/foxy/include  
[1.229s] -- Using all available rosidl_typesupport_cpp: rosidl_typesupport_fastrtps_cpp;rosidl_typesupport_introspection_cpp
[1.283s] -- Found rmw_implementation_cmake: 1.0.4 (/opt/ros/foxy/share/rmw_implementation_cmake/cmake)
[1.284s] -- Using RMW implementation 'rmw_cyclonedds_cpp' as default
[1.285s] -- Looking for pthread.h
[1.364s] -- Looking for pthread.h - found
[1.364s] -- Performing Test CMAKE_HAVE_LIBC_PTHREAD
[1.456s] -- Performing Test CMAKE_HAVE_LIBC_PTHREAD - Failed
[1.456s] -- Looking for pthread_create in pthreads
[1.544s] -- Looking for pthread_create in pthreads - not found
[1.544s] -- Looking for pthread_create in pthread
[1.665s] -- Looking for pthread_create in pthread - found
[1.666s] -- Found Threads: TRUE  
[1.814s] -- Found ament_lint_auto: 0.9.8 (/opt/ros/foxy/share/ament_lint_auto/cmake)
[1.884s] -- Added test 'copyright' to check source files copyright and LICENSE
[1.884s] -- Added test 'cppcheck' to perform static code analysis on C / C++ code
[1.884s] -- Configured cppcheck include dirs: 
[1.884s] -- Configured cppcheck exclude dirs and/or files: 
[1.885s] -- Added test 'cpplint' to check C / C++ code against the Google style
[1.885s] -- Configured cpplint exclude dirs and/or files: 
[1.885s] -- Added test 'lint_cmake' to check CMake code style
[1.886s] -- Added test 'uncrustify' to check C / C++ code style
[1.886s] -- Configured uncrustify additional arguments: 
[1.886s] -- Added test 'xmllint' to check XML markup files
[1.889s] -- Configuring done
[1.895s] -- Generating done
[1.898s] -- Build files have been written to: /home/yunzhou/node/ROS2/ros_ws/build/example_cpp
[1.904s] Invoked command in '/home/yunzhou/node/ROS2/ros_ws/build/example_cpp' returned '0': CMAKE_PREFIX_PATH=/opt/ros/foxy /usr/bin/cmake /home/yunzhou/node/ROS2/ros_ws/src/example_cpp -DCMAKE_INSTALL_PREFIX=/home/yunzhou/node/ROS2/ros_ws/install/example_cpp
[1.907s] Invoking command in '/home/yunzhou/node/ROS2/ros_ws/build/example_cpp': CMAKE_PREFIX_PATH=/opt/ros/foxy /usr/bin/cmake --build /home/yunzhou/node/ROS2/ros_ws/build/example_cpp -- -j8 -l8
[1.955s] [35m[1mScanning dependencies of target node_01[0m
[1.955s] [35m[1mScanning dependencies of target node_03[0m
[1.993s] [ 25%] [32mBuilding CXX object CMakeFiles/node_01.dir/src/node_01.cpp.o[0m
[1.993s] [ 50%] [32mBuilding CXX object CMakeFiles/node_03.dir/src/node_03.cpp.o[0m
[3.804s] [ 75%] [32m[1mLinking CXX executable node_03[0m
[3.909s] [100%] [32m[1mLinking CXX executable node_01[0m
[3.945s] [100%] Built target node_03
[4.013s] [100%] Built target node_01
[4.034s] Invoked command in '/home/yunzhou/node/ROS2/ros_ws/build/example_cpp' returned '0': CMAKE_PREFIX_PATH=/opt/ros/foxy /usr/bin/cmake --build /home/yunzhou/node/ROS2/ros_ws/build/example_cpp -- -j8 -l8
[4.062s] Invoking command in '/home/yunzhou/node/ROS2/ros_ws/build/example_cpp': CMAKE_PREFIX_PATH=/opt/ros/foxy /usr/bin/cmake --install /home/yunzhou/node/ROS2/ros_ws/build/example_cpp
[4.070s] -- Install configuration: ""
[4.070s] -- Installing: /home/yunzhou/node/ROS2/ros_ws/install/example_cpp/share/ament_index/resource_index/package_run_dependencies/example_cpp
[4.070s] -- Installing: /home/yunzhou/node/ROS2/ros_ws/install/example_cpp/share/ament_index/resource_index/parent_prefix_path/example_cpp
[4.070s] -- Installing: /home/yunzhou/node/ROS2/ros_ws/install/example_cpp/share/example_cpp/environment/ament_prefix_path.sh
[4.070s] -- Installing: /home/yunzhou/node/ROS2/ros_ws/install/example_cpp/share/example_cpp/environment/ament_prefix_path.dsv
[4.070s] -- Installing: /home/yunzhou/node/ROS2/ros_ws/install/example_cpp/share/example_cpp/environment/path.sh
[4.070s] -- Installing: /home/yunzhou/node/ROS2/ros_ws/install/example_cpp/share/example_cpp/environment/path.dsv
[4.070s] -- Installing: /home/yunzhou/node/ROS2/ros_ws/install/example_cpp/share/example_cpp/local_setup.bash
[4.070s] -- Installing: /home/yunzhou/node/ROS2/ros_ws/install/example_cpp/share/example_cpp/local_setup.sh
[4.070s] -- Installing: /home/yunzhou/node/ROS2/ros_ws/install/example_cpp/share/example_cpp/local_setup.zsh
[4.071s] -- Installing: /home/yunzhou/node/ROS2/ros_ws/install/example_cpp/share/example_cpp/local_setup.dsv
[4.071s] -- Installing: /home/yunzhou/node/ROS2/ros_ws/install/example_cpp/share/example_cpp/package.dsv
[4.071s] -- Installing: /home/yunzhou/node/ROS2/ros_ws/install/example_cpp/share/ament_index/resource_index/packages/example_cpp
[4.071s] -- Installing: /home/yunzhou/node/ROS2/ros_ws/install/example_cpp/share/example_cpp/cmake/example_cppConfig.cmake
[4.071s] -- Installing: /home/yunzhou/node/ROS2/ros_ws/install/example_cpp/share/example_cpp/cmake/example_cppConfig-version.cmake
[4.071s] -- Installing: /home/yunzhou/node/ROS2/ros_ws/install/example_cpp/share/example_cpp/package.xml
[4.071s] -- Installing: /home/yunzhou/node/ROS2/ros_ws/install/example_cpp/lib/example_cpp/node_01
[4.071s] -- Set runtime path of "/home/yunzhou/node/ROS2/ros_ws/install/example_cpp/lib/example_cpp/node_01" to ""
[4.071s] -- Installing: /home/yunzhou/node/ROS2/ros_ws/install/example_cpp/lib/example_cpp/node_03
[4.072s] -- Set runtime path of "/home/yunzhou/node/ROS2/ros_ws/install/example_cpp/lib/example_cpp/node_03" to ""
[4.074s] Invoked command in '/home/yunzhou/node/ROS2/ros_ws/build/example_cpp' returned '0': CMAKE_PREFIX_PATH=/opt/ros/foxy /usr/bin/cmake --install /home/yunzhou/node/ROS2/ros_ws/build/example_cpp
