[0.670s] Invoking command in '/home/yunzhou/node/ROS2/ros_ws/src/example_py': PYTHONPATH=/home/yunzhou/node/ROS2/ros_ws/build/example_py/prefix_override:/usr/lib/python3/dist-packages/colcon_core/task/python/colcon_distutils_commands:/home/yunzhou/node/ROS2/ros_ws/install/example_py/lib/python3.8/site-packages:${PYTHONPATH} /usr/bin/python3 -W ignore:setup.py install is deprecated -W ignore:easy_install command is deprecated setup.py egg_info --egg-base ../../build/example_py build --build-base /home/yunzhou/node/ROS2/ros_ws/build/example_py/build install --record /home/yunzhou/node/ROS2/ros_ws/build/example_py/install.log --install-scripts $base/lib/example_py --single-version-externally-managed install_data
[0.855s] running egg_info
[0.855s] writing ../../build/example_py/example_py.egg-info/PKG-INFO
[0.856s] writing dependency_links to ../../build/example_py/example_py.egg-info/dependency_links.txt
[0.856s] writing entry points to ../../build/example_py/example_py.egg-info/entry_points.txt
[0.856s] writing requirements to ../../build/example_py/example_py.egg-info/requires.txt
[0.856s] writing top-level names to ../../build/example_py/example_py.egg-info/top_level.txt
[0.882s] reading manifest file '../../build/example_py/example_py.egg-info/SOURCES.txt'
[0.882s] writing manifest file '../../build/example_py/example_py.egg-info/SOURCES.txt'
[0.882s] running build
[0.883s] running build_py
[0.883s] running install
[0.883s] running install_lib
[0.884s] running install_data
[0.884s] running install_egg_info
[0.886s] removing '/home/yunzhou/node/ROS2/ros_ws/install/example_py/lib/python3.8/site-packages/example_py-0.0.0-py3.8.egg-info' (and everything under it)
[0.886s] Copying ../../build/example_py/example_py.egg-info to /home/yunzhou/node/ROS2/ros_ws/install/example_py/lib/python3.8/site-packages/example_py-0.0.0-py3.8.egg-info
[0.886s] running install_scripts
[0.898s] Installing node_02 script to /home/yunzhou/node/ROS2/ros_ws/install/example_py/lib/example_py
[0.898s] writing list of installed files to '/home/yunzhou/node/ROS2/ros_ws/build/example_py/install.log'
[0.914s] Invoked command in '/home/yunzhou/node/ROS2/ros_ws/src/example_py' returned '0': PYTHONPATH=/home/yunzhou/node/ROS2/ros_ws/build/example_py/prefix_override:/usr/lib/python3/dist-packages/colcon_core/task/python/colcon_distutils_commands:/home/yunzhou/node/ROS2/ros_ws/install/example_py/lib/python3.8/site-packages:${PYTHONPATH} /usr/bin/python3 -W ignore:setup.py install is deprecated -W ignore:easy_install command is deprecated setup.py egg_info --egg-base ../../build/example_py build --build-base /home/yunzhou/node/ROS2/ros_ws/build/example_py/build install --record /home/yunzhou/node/ROS2/ros_ws/build/example_py/install.log --install-scripts $base/lib/example_py --single-version-externally-managed install_data
