Performing C SOURCE FILE Test CMAKE_HAVE_LIBC_PTHREAD failed with the following output:
Change Dir: /home/yunzhou/node/ROS2/ros_ws/build/example_cpp/CMakeFiles/CMakeTmp

Run Build Command(s):/usr/bin/make cmTC_dcafa/fast && /usr/bin/make -f CMakeFiles/cmTC_dcafa.dir/build.make CMakeFiles/cmTC_dcafa.dir/build
make[1]: 进入目录“/home/yunzhou/node/ROS2/ros_ws/build/example_cpp/CMakeFiles/CMakeTmp”
Building C object CMakeFiles/cmTC_dcafa.dir/src.c.o
/usr/bin/cc   -DCMAKE_HAVE_LIBC_PTHREAD   -o CMakeFiles/cmTC_dcafa.dir/src.c.o   -c /home/yunzhou/node/ROS2/ros_ws/build/example_cpp/CMakeFiles/CMakeTmp/src.c
Linking C executable cmTC_dcafa
/usr/bin/cmake -E cmake_link_script CMakeFiles/cmTC_dcafa.dir/link.txt --verbose=1
/usr/bin/cc  -DCMAKE_HAVE_LIBC_PTHREAD    CMakeFiles/cmTC_dcafa.dir/src.c.o  -o cmTC_dcafa 
/usr/bin/ld: CMakeFiles/cmTC_dcafa.dir/src.c.o: in function `main':
src.c:(.text+0x46): undefined reference to `pthread_create'
/usr/bin/ld: src.c:(.text+0x52): undefined reference to `pthread_detach'
/usr/bin/ld: src.c:(.text+0x63): undefined reference to `pthread_join'
collect2: error: ld returned 1 exit status
make[1]: *** [CMakeFiles/cmTC_dcafa.dir/build.make:87：cmTC_dcafa] 错误 1
make[1]: 离开目录“/home/yunzhou/node/ROS2/ros_ws/build/example_cpp/CMakeFiles/CMakeTmp”
make: *** [Makefile:121：cmTC_dcafa/fast] 错误 2


Source file was:
#include <pthread.h>

void* test_func(void* data)
{
  return data;
}

int main(void)
{
  pthread_t thread;
  pthread_create(&thread, NULL, test_func, NULL);
  pthread_detach(thread);
  pthread_join(thread, NULL);
  pthread_atfork(NULL, NULL, NULL);
  pthread_exit(NULL);

  return 0;
}

Determining if the function pthread_create exists in the pthreads failed with the following output:
Change Dir: /home/yunzhou/node/ROS2/ros_ws/build/example_cpp/CMakeFiles/CMakeTmp

Run Build Command(s):/usr/bin/make cmTC_bb2c0/fast && /usr/bin/make -f CMakeFiles/cmTC_bb2c0.dir/build.make CMakeFiles/cmTC_bb2c0.dir/build
make[1]: 进入目录“/home/yunzhou/node/ROS2/ros_ws/build/example_cpp/CMakeFiles/CMakeTmp”
Building C object CMakeFiles/cmTC_bb2c0.dir/CheckFunctionExists.c.o
/usr/bin/cc   -DCHECK_FUNCTION_EXISTS=pthread_create   -o CMakeFiles/cmTC_bb2c0.dir/CheckFunctionExists.c.o   -c /usr/share/cmake-3.16/Modules/CheckFunctionExists.c
Linking C executable cmTC_bb2c0
/usr/bin/cmake -E cmake_link_script CMakeFiles/cmTC_bb2c0.dir/link.txt --verbose=1
/usr/bin/cc  -DCHECK_FUNCTION_EXISTS=pthread_create    CMakeFiles/cmTC_bb2c0.dir/CheckFunctionExists.c.o  -o cmTC_bb2c0  -lpthreads 
/usr/bin/ld: 找不到 -lpthreads
collect2: error: ld returned 1 exit status
make[1]: *** [CMakeFiles/cmTC_bb2c0.dir/build.make:87：cmTC_bb2c0] 错误 1
make[1]: 离开目录“/home/yunzhou/node/ROS2/ros_ws/build/example_cpp/CMakeFiles/CMakeTmp”
make: *** [Makefile:121：cmTC_bb2c0/fast] 错误 2



